// Jest Snapshot v1, https://goo.gl/fbAQLP

exports[`sanitizeTag Should clean up all linguist languages 1`] = `
[
  "1c-enterprise",
  "2-dimensional-array",
  "4d",
  "abap",
  "abap-cds",
  "abnf",
  "ags-script",
  "aidl",
  "al",
  "ampl",
  "antlr",
  "api-blueprint",
  "apl",
  "asl",
  "asn-1",
  "asp-dot-net",
  "ats",
  "actionscript",
  "ada",
  "adblock-filter-list",
  "adobe-font-metrics",
  "agda",
  "alloy",
  "alpine-abuild",
  "altium-designer",
  "angelscript",
  "ant-build-system",
  "antlers",
  "apacheconf",
  "apex",
  "apollo-guidance-computer",
  "applescript",
  "arc",
  "asciidoc",
  "aspectj",
  "assembly",
  "astro",
  "asymptote",
  "augeas",
  "autohotkey",
  "autoit",
  "avro-idl",
  "awk",
  "basic",
  "ballerina",
  "batchfile",
  "beef",
  "befunge",
  "berry",
  "bibtex",
  "bicep",
  "bikeshed",
  "bison",
  "bitbake",
  "blade",
  "blitzbasic",
  "blitzmax",
  "bluespec",
  "boo",
  "boogie",
  "brainfuck",
  "brighterscript",
  "brightscript",
  "browserslist",
  "c",
  "c#",
  "c++",
  "c-objdump",
  "c2hs-haskell",
  "cap-cds",
  "cil",
  "clips",
  "cmake",
  "cobol",
  "codeowners",
  "collada",
  "cson",
  "css",
  "csv",
  "cue",
  "cweb",
  "cabal-config",
  "cadence",
  "cairo",
  "cameligo",
  "cap-n-proto",
  "cartocss",
  "ceylon",
  "chapel",
  "charity",
  "checksums",
  "chuck",
  "circom",
  "cirru",
  "clarion",
  "clarity",
  "classic-asp",
  "clean",
  "click",
  "clojure",
  "closure-templates",
  "cloud-firestore-security-rules",
  "conll-u",
  "codeql",
  "coffeescript",
  "coldfusion",
  "coldfusion-cfc",
  "common-lisp",
  "common-workflow-language",
  "component-pascal",
  "cool",
  "coq",
  "cpp-objdump",
  "creole",
  "crystal",
  "csound",
  "csound-document",
  "csound-score",
  "cuda",
  "cue-sheet",
  "curry",
  "cycript",
  "cypher",
  "cython",
  "d",
  "d-objdump",
  "d2",
  "digital-command-language",
  "dm",
  "dns-zone",
  "dtrace",
  "dafny",
  "darcs-patch",
  "dart",
  "dataweave",
  "debian-package-control-file",
  "denizenscript",
  "dhall",
  "diff",
  "directx-3d-file",
  "dockerfile",
  "dogescript",
  "dotenv",
  "dylan",
  "e",
  "e-mail",
  "ebnf",
  "ecl",
  "eclipse",
  "ejs",
  "eq",
  "eagle",
  "earthly",
  "easybuild",
  "ecere-projects",
  "ecmarkup",
  "editorconfig",
  "edje-data-collection",
  "eiffel",
  "elixir",
  "elm",
  "elvish",
  "elvish-transcript",
  "emacs-lisp",
  "emberscript",
  "erlang",
  "euphoria",
  "f#",
  "f",
  "figlet-font",
  "flux",
  "factor",
  "fancy",
  "fantom",
  "faust",
  "fennel",
  "filebench-wml",
  "filterscript",
  "fluent",
  "formatted",
  "forth",
  "fortran",
  "fortran-free-form",
  "freebasic",
  "freemarker",
  "frege",
  "futhark",
  "g-code",
  "gaml",
  "gams",
  "gap",
  "gcc-machine-description",
  "gdb",
  "gdscript",
  "gedcom",
  "glsl",
  "gn",
  "gsc",
  "game-maker-language",
  "gemfile-lock",
  "gemini",
  "genero",
  "genero-forms",
  "genie",
  "genshi",
  "gentoo-ebuild",
  "gentoo-eclass",
  "gerber-image",
  "gettext-catalog",
  "gherkin",
  "git-attributes",
  "git-config",
  "git-revision-list",
  "gleam",
  "glyph",
  "glyph-bitmap-distribution-format",
  "gnuplot",
  "go",
  "go-checksums",
  "go-module",
  "go-workspace",
  "godot-resource",
  "golo",
  "gosu",
  "grace",
  "gradle",
  "grammatical-framework",
  "graph-modeling-language",
  "graphql",
  "graphviz-dot",
  "groovy",
  "groovy-server-pages",
  "haproxy",
  "hcl",
  "hlsl",
  "hocon",
  "html",
  "html+ecr",
  "html+eex",
  "html+erb",
  "html+php",
  "html+razor",
  "http",
  "hxml",
  "hack",
  "haml",
  "handlebars",
  "harbour",
  "haskell",
  "haxe",
  "hiveql",
  "holyc",
  "hosts-file",
  "hy",
  "hyphy",
  "idl",
  "igor-pro",
  "ini",
  "irc-log",
  "idris",
  "ignore-list",
  "imagej-macro",
  "imba",
  "inform-7",
  "ink",
  "inno-setup",
  "io",
  "ioke",
  "isabelle",
  "isabelle-root",
  "j",
  "jar-manifest",
  "jcl",
  "jflex",
  "json",
  "json-with-comments",
  "json5",
  "jsonld",
  "jsoniq",
  "janet",
  "jasmin",
  "java",
  "java-properties",
  "java-server-pages",
  "javascript",
  "javascript+erb",
  "jest-snapshot",
  "jetbrains-mps",
  "jinja",
  "jison",
  "jison-lex",
  "jolie",
  "jsonnet",
  "julia",
  "jupyter-notebook",
  "just",
  "krl",
  "kaitai-struct",
  "kakounescript",
  "kerboscript",
  "kicad-layout",
  "kicad-legacy-layout",
  "kicad-schematic",
  "kickstart",
  "kit",
  "kotlin",
  "kusto",
  "lfe",
  "llvm",
  "lolcode",
  "lsl",
  "ltspice-symbol",
  "labview",
  "lark",
  "lasso",
  "latte",
  "lean",
  "less",
  "lex",
  "ligolang",
  "lilypond",
  "limbo",
  "linker-script",
  "linux-kernel-module",
  "liquid",
  "literate-agda",
  "literate-coffeescript",
  "literate-haskell",
  "livescript",
  "logos",
  "logtalk",
  "lookml",
  "loomscript",
  "lua",
  "m",
  "m4",
  "m4sugar",
  "matlab",
  "maxscript",
  "mdx",
  "mlir",
  "mql4",
  "mql5",
  "mtml",
  "muf",
  "macaulay2",
  "makefile",
  "mako",
  "markdown",
  "marko",
  "mask",
  "mathematica",
  "maven-pom",
  "max",
  "mercury",
  "mermaid",
  "meson",
  "metal",
  "microsoft-developer-studio-project",
  "microsoft-visual-studio-solution",
  "minid",
  "miniyaml",
  "mint",
  "mirah",
  "modelica",
  "modula-2",
  "modula-3",
  "module-management-system",
  "monkey",
  "monkey-c",
  "moocode",
  "moonscript",
  "motoko",
  "motorola-68k-assembly",
  "move",
  "muse",
  "mustache",
  "myghty",
  "nasl",
  "ncl",
  "neon",
  "nl",
  "npm-config",
  "nsis",
  "nwscript",
  "nasal",
  "nearley",
  "nemerle",
  "netlinx",
  "netlinx+erb",
  "netlogo",
  "newlisp",
  "nextflow",
  "nginx",
  "nim",
  "ninja",
  "nit",
  "nix",
  "nu",
  "numpy",
  "nunjucks",
  "nushell",
  "oasv2-json",
  "oasv2-yaml",
  "oasv3-json",
  "oasv3-yaml",
  "ocaml",
  "objdump",
  "object-data-instance-notation",
  "objectscript",
  "objective-c",
  "objective-c++",
  "objective-j",
  "odin",
  "omgrofl",
  "opa",
  "opal",
  "open-policy-agent",
  "openapi-specification-v2",
  "openapi-specification-v3",
  "opencl",
  "openedge-abl",
  "openqasm",
  "openrc-runscript",
  "openscad",
  "openstep-property-list",
  "opentype-feature-file",
  "option-list",
  "org",
  "ox",
  "oxygene",
  "oz",
  "p4",
  "pddl",
  "peg-js",
  "php",
  "plsql",
  "plpgsql",
  "pov-ray-sdl",
  "pact",
  "pan",
  "papyrus",
  "parrot",
  "parrot-assembly",
  "parrot-internal-representation",
  "pascal",
  "pawn",
  "pep8",
  "perl",
  "pic",
  "pickle",
  "picolisp",
  "piglatin",
  "pike",
  "plantuml",
  "pod",
  "pod-6",
  "pogoscript",
  "polar",
  "pony",
  "portugol",
  "postcss",
  "postscript",
  "powerbuilder",
  "powershell",
  "prisma",
  "processing",
  "procfile",
  "proguard",
  "prolog",
  "promela",
  "propeller-spin",
  "protocol-buffer",
  "protocol-buffer-text-format",
  "public-key",
  "pug",
  "puppet",
  "pure-data",
  "purebasic",
  "purescript",
  "pyret",
  "python",
  "python-console",
  "python-traceback",
  "q#",
  "qml",
  "qmake",
  "qt-script",
  "quake",
  "r",
  "raml",
  "rbs",
  "rdoc",
  "realbasic",
  "rexx",
  "rmarkdown",
  "rpc",
  "rpgle",
  "rpm-spec",
  "runoff",
  "racket",
  "ragel",
  "raku",
  "rascal",
  "raw-token-data",
  "rescript",
  "readline-config",
  "reason",
  "reasonligo",
  "rebol",
  "record-jar",
  "red",
  "redcode",
  "redirect-rules",
  "regular-expression",
  "ren-py",
  "renderscript",
  "rich-text-format",
  "ring",
  "riot",
  "robotframework",
  "roff",
  "roff-manpage",
  "rouge",
  "routeros-script",
  "ruby",
  "rust",
  "sas",
  "scss",
  "selinux-policy",
  "smt",
  "sparql",
  "sqf",
  "sql",
  "sqlpl",
  "srecode-template",
  "ssh-config",
  "star",
  "stl",
  "ston",
  "svg",
  "swig",
  "sage",
  "saltstack",
  "sass",
  "scala",
  "scaml",
  "scenic",
  "scheme",
  "scilab",
  "self",
  "shaderlab",
  "shell",
  "shellcheck-config",
  "shellsession",
  "shen",
  "sieve",
  "simple-file-verification",
  "singularity",
  "slash",
  "slice",
  "slim",
  "smpl",
  "smali",
  "smalltalk",
  "smarty",
  "smithy",
  "snakemake",
  "solidity",
  "soong",
  "sourcepawn",
  "spline-font-database",
  "squirrel",
  "stan",
  "standard-ml",
  "starlark",
  "stata",
  "stringtemplate",
  "stylus",
  "subrip-text",
  "sugarss",
  "supercollider",
  "svelte",
  "sway",
  "swift",
  "systemverilog",
  "ti-program",
  "tl-verilog",
  "tla",
  "toml",
  "tsql",
  "tsv",
  "tsx",
  "txl",
  "talon",
  "tcl",
  "tcsh",
  "tex",
  "tea",
  "terra",
  "texinfo",
  "text",
  "textmate-properties",
  "textile",
  "thrift",
  "turing",
  "turtle",
  "twig",
  "type-language",
  "typescript",
  "unified-parallel-c",
  "unity3d-asset",
  "unix-assembly",
  "uno",
  "unrealscript",
  "urweb",
  "v",
  "vba",
  "vbscript",
  "vcl",
  "vhdl",
  "vala",
  "valve-data-format",
  "velocity-template-language",
  "verilog",
  "vim-help-file",
  "vim-script",
  "vim-snippet",
  "visual-basic-dot-net",
  "visual-basic-6-0",
  "volt",
  "vue",
  "vyper",
  "wdl",
  "wgsl",
  "wavefront-material",
  "wavefront-object",
  "web-ontology-language",
  "webassembly",
  "webassembly-interface-type",
  "webidl",
  "webvtt",
  "wget-config",
  "whiley",
  "wikitext",
  "win32-message-file",
  "windows-registry-entries",
  "witcher-script",
  "wollok",
  "world-of-warcraft-addon-data",
  "wren",
  "x-bitmap",
  "x-font-directory-index",
  "x-pixmap",
  "x10",
  "xc",
  "xcompose",
  "xml",
  "xml-property-list",
  "xpages",
  "xproc",
  "xquery",
  "xs",
  "xslt",
  "xojo",
  "xonsh",
  "xtend",
  "yaml",
  "yang",
  "yara",
  "yasnippet",
  "yacc",
  "yul",
  "zap",
  "zil",
  "zeek",
  "zenscript",
  "zephir",
  "zig",
  "zimpl",
  "curl-config",
  "desktop",
  "dircolors",
  "ec",
  "edn",
  "fish",
  "hoon",
  "jq",
  "kvlang",
  "mirc-script",
  "mcfunction",
  "mupad",
  "nanorc",
  "nesc",
  "ooc",
  "q",
  "restructuredtext",
  "robots-txt",
  "sed",
  "wisp",
  "xbase",
]
`;
